192.168.1.10 - - [15/Jan/2024:10:15:23 +0300] "GET /index.html HTTP/1.1" 200 3520
192.168.1.20 - - [15/Jan/2024:10:15:25 +0300] "GET /about.html HTTP/1.1" 200 2450
192.168.1.10 - - [15/Jan/2024:10:16:01 +0300] "GET /images/logo.png HTTP/1.1" 404 162
192.168.1.30 - - [15/Jan/2024:10:16:30 +0300] "GET /index.html HTTP/1.1" 200 3520
192.168.1.20 - - [15/Jan/2024:11:02:33 +0300] "GET /index.html HTTP/1.1" 200 3520
192.168.1.40 - - [15/Jan/2024:11:05:17 +0300] "GET /admin/login.php HTTP/1.1" 403 568
